// Jest Snapshot v1, https://goo.gl/fbAQLP

exports[`Test if The CryptoPage render correctly 1`] = `
<div
  className="crypto-container"
>
  <input
    className="search-bar"
    onChange={[Function]}
    placeholder="Search by Crypto name ..."
    type="text"
    value=""
  />
  <div
    className="card-container"
  />
</div>
`;
